[skyone.vercel.app/education/en/index.html]
[skyone.vercel.app/education/assets/favicons/apple-icon-57x57.png]
[skyone.vercel.app/education/assets/favicons/apple-icon-60x60.png]
[skyone.vercel.app/education/assets/favicons/apple-icon-72x72.png]
[skyone.vercel.app/education/assets/favicons/apple-icon-76x76.png]
[skyone.vercel.app/education/assets/favicons/apple-icon-114x114.png]
[skyone.vercel.app/education/assets/favicons/apple-icon-120x120.png]
[skyone.vercel.app/education/assets/favicons/apple-icon-144x144.png]
[skyone.vercel.app/education/assets/favicons/apple-icon-152x152.png]
[skyone.vercel.app/education/assets/favicons/apple-icon-180x180.png]
[skyone.vercel.app/education/assets/favicons/android-icon-192x192.png]
[skyone.vercel.app/education/assets/favicons/favicon-32x32.png]
[skyone.vercel.app/education/assets/favicons/favicon-16x16.png]
[skyone.vercel.app/education/assets/favicons/ms-icon-144x144.png]
[code.ionicframework.com/ionicons/2.0.1/css/ionicons.min.e.delayed]
[skyone.vercel.app/education/assets/images/logo-education.png]
[backblue.gif]
[fade.gif]
[index.html]
[skyone.vercel.app/images/logo-education.png]
[skyone.vercel.app/education/assets/images/loading.gif]
[skyone.vercel.app/education/assets/css/education-bundle.min.css]
[skyone.vercel.app/education/assets/images/showcase/header_default.jpg]
[skyone.vercel.app/education/assets/images/showcase/header_basic.jpg]
[skyone.vercel.app/education/assets/images/showcase/header_search.jpg]
[skyone.vercel.app/education/assets/images/showcase/header_nav.jpg]
[skyone.vercel.app/education/assets/images/showcase/header_droplist.jpg]
[skyone.vercel.app/education/assets/images/showcase/header_mega.jpg]
[skyone.vercel.app/education/assets/images/showcase/header_hamburger.jpg]
[skyone.vercel.app/education/assets/images/showcase/footer_sitemap.jpg]
[skyone.vercel.app/education/assets/images/showcase/footer_blog.jpg]
[skyone.vercel.app/education/assets/images/showcase/footer_basic.jpg]
[skyone.vercel.app/education/assets/images/showcase/footer_contact.jpg]
[skyone.vercel.app/education/assets/images/showcase/chat.jpg]
[skyone.vercel.app/education/assets/images/showcase/pagenav.jpg]
[ik.imagekit.io/q5gfy1zcvl/skyrev/saas_agwJ9Vd7F.jpg]
[ik.imagekit.io/q5gfy1zcvl/skyrev/agency_UXQv8nJCcFt.jpg]
[ik.imagekit.io/q5gfy1zcvl/skyrev/crypto_Ws7Q2_mGM.jpg]
[ik.imagekit.io/q5gfy1zcvl/skyrev/cloud_8iwHSvOd9.jpg]
[ik.imagekit.io/q5gfy1zcvl/skyrev/education_CN9sSEEGn.jpg]
[ik.imagekit.io/q5gfy1zcvl/skyrev/fintech_2fqQd_Bkxt.jpg]
[ik.imagekit.io/q5gfy1zcvl/skyrev/social_ki4WinkmD.jpg]
[ik.imagekit.io/q5gfy1zcvl/skyrev/marketing_XyQ2TrNrB.jpg]
[ik.imagekit.io/q5gfy1zcvl/skyrev/medical_CvNBZS87K.jpg]
[ik.imagekit.io/q5gfy1zcvl/skyrev/product_sales_pGLKD-9yw.jpg]
[ik.imagekit.io/q5gfy1zcvl/skyrev/saas2_93a52OcEcR4.jpg]
[ik.imagekit.io/q5gfy1zcvl/docs_G4-Yw2hVC.jpg]
[skyone.vercel.app/education/en/about.html]
[skyone.vercel.app/education/en/about-team.html]
[skyone.vercel.app/education/en/blog.html]
[skyone.vercel.app/education/en/detail-blog.html]
[skyone.vercel.app/education/en/login.html]
[skyone.vercel.app/education/en/register.html]
[skyone.vercel.app/education/en/contact.html]
[skyone.vercel.app/education/en/contact-map.html]
[skyone.vercel.app/education/en/collection.html]
[skyone.vercel.app/education/en/products.html]
[skyone.vercel.app/education/en/product-detail.html]
[skyone.vercel.app/education/en/pricing.html]
[skyone.vercel.app/education/en/faq.html]
[skyone.vercel.app/education/en/maintenance.html]
[skyone.vercel.app/education/en/coming-soon.html]
[skyone.vercel.app/education/en/404.html]
[res.cloudinary.com/skyrev/image/upload/v1613840771/skyrev/ui/menu_marketing_2x_fxhtru.jpg]
[res.cloudinary.com/skyrev/image/upload/v1613840771/skyrev/ui/menu_education_2x_qviwhv.jpg]
[res.cloudinary.com/skyrev/image/upload/v1613840773/skyrev/ui/menu_pos_2x_mwdism.jpg]
[res.cloudinary.com/skyrev/image/upload/v1613840773/skyrev/ui/menu_saas2_2x_uml9de.jpg]
[res.cloudinary.com/skyrev/image/upload/v1613842286/skyrev/education/background_3d_2x_rhzet6.png]
[res.cloudinary.com/skyrev/image/upload/v1613842287/skyrev/education/banner1_3d_2x_ndpucn.png]
[res.cloudinary.com/skyrev/image/upload/v1613842287/skyrev/education/banner2_3d_2x_wzvqwu.png]
[res.cloudinary.com/skyrev/image/upload/v1613842287/skyrev/education/banner3_3d_2x_eudixc.png]
[res.cloudinary.com/skyrev/image/upload/v1613842289/skyrev/education/feature1_3d_2x_v5lbia.png]
[res.cloudinary.com/skyrev/image/upload/v1613842289/skyrev/education/feature2_3d_2x_swh9xl.png]
[res.cloudinary.com/skyrev/image/upload/v1613842290/skyrev/education/feature3_3d_2x_pazqld.png]
[res.cloudinary.com/skyrev/image/upload/v1613842290/skyrev/education/feature4_3d_2x_f09uhm.png]
[res.cloudinary.com/skyrev/image/upload/v1613842319/skyrev/education/popular_3d_2x_g58xtn.png]
[res.cloudinary.com/imajin/image/upload/v1592702766/education/design_mfqgit.jpg]
[res.cloudinary.com/imajin/image/upload/v1592702766/education/cook_bsillr.jpg]
[res.cloudinary.com/imajin/image/upload/v1592702766/education/music_nmw3mb.jpg]
[res.cloudinary.com/imajin/image/upload/v1627130661/education/game_qm9tvu.jpg]
[res.cloudinary.com/imajin/image/upload/v1592702767/education/sport_ilndwv.jpg]
[res.cloudinary.com/imajin/image/upload/v1592702766/education/geo_pgt0fz.jpg]
[res.cloudinary.com/imajin/image/upload/v1592702765/education/architect_vidsni.jpg]
[res.cloudinary.com/imajin/image/upload/v1592702765/education/art_yxsry4.jpg]
[res.cloudinary.com/imajin/image/upload/v1592702767/education/photo_dyr0df.jpg]
[res.cloudinary.com/skyrev/image/upload/v1613842286/skyrev/education/about_3d_2x_rtx0nf.png]
[res.cloudinary.com/imajin/image/upload/v1608096945/education/Video-opt_npbzhe.jpg]
[res.cloudinary.com/skyrev/image/upload/v1613842290/skyrev/education/footer_3d_2x_tivfcv.png]
[res.cloudinary.com/skyrev/image/upload/v1613842291/skyrev/education/footer_plant_3d_2x_i8osqq.png]
[res.cloudinary.com/skyrev/image/upload/v1613842291/skyrev/education/footer_plant2_3d_2x_dvi0iw.png]
[skyone.vercel.app/education/en/index.html]
[code.ionicframework.com/ionicons/2.0.1/css/ionicons.min.html]
[skyone.vercel.app/images/logo-education.html]
[skyone.vercel.app/education/assets/images/flag-logo.png]
[skyone.vercel.app/education/assets/js/education-bundle.min.js]
[skyone.vercel.app/education/assets/images/education/quote.png]
[skyone.vercel.app/education/assets/images/decoration/frame-deco.png]
[skyone.vercel.app/education/assets/css/education-bundle.min.css]
[res.cloudinary.com/skyrev/image/upload/v1613842285/skyrev/education/about-page_3d_2x_omiw8f.png]
[skyone.vercel.app/education/assets/images/logos/architect.png]
[skyone.vercel.app/education/assets/images/logos/cloud.png]
[skyone.vercel.app/education/assets/images/logos/coin.png]
[skyone.vercel.app/education/assets/images/logos/mobile.png]
[skyone.vercel.app/education/assets/images/logos/profile.png]
[skyone.vercel.app/education/assets/images/logos/saas.png]
[res.cloudinary.com/walden-global-services/image/upload/v1544584542/dandelion/11.jpg]
[res.cloudinary.com/walden-global-services/image/upload/v1544584608/dandelion/41.jpg]
[randomuser.me/api/portraits/women/8.jpg]
[skyone.vercel.app/education/en/href]
[res.cloudinary.com/walden-global-services/image/upload/v1544584608/dandelion/42.jpg]
[randomuser.me/api/portraits/women/17.jpg]
[res.cloudinary.com/walden-global-services/image/upload/v1544584608/dandelion/43.jpg]
[randomuser.me/api/portraits/women/90.jpg]
[res.cloudinary.com/walden-global-services/image/upload/v1544584608/dandelion/44.jpg]
[randomuser.me/api/portraits/women/44.jpg]
[res.cloudinary.com/walden-global-services/image/upload/v1544584609/dandelion/45.jpg]
[randomuser.me/api/portraits/women/18.jpg]
[res.cloudinary.com/walden-global-services/image/upload/v1544584611/dandelion/46.jpg]
[randomuser.me/api/portraits/men/75.jpg]
[res.cloudinary.com/walden-global-services/image/upload/v1544584541/dandelion/12.jpg]
[res.cloudinary.com/walden-global-services/image/upload/v1544584541/dandelion/13.jpg]
[res.cloudinary.com/walden-global-services/image/upload/v1544584546/dandelion/14.jpg]
[res.cloudinary.com/walden-global-services/image/upload/v1544584546/dandelion/15.jpg]
[res.cloudinary.com/walden-global-services/image/upload/v1544584542/dandelion/16.jpg]
[skyone.vercel.app/education/en/about.html]
[res.cloudinary.com/skyrev/image/upload/v1613841417/skyrev/ui/team_3d_2x_otcrq3.png]
[res.cloudinary.com/walden-global-services/image/upload/v1544584610/dandelion/47.jpg]
[randomuser.me/api/portraits/men/4.jpg]
[res.cloudinary.com/walden-global-services/image/upload/v1544584611/dandelion/48.jpg]
[randomuser.me/api/portraits/men/40.jpg]
[res.cloudinary.com/walden-global-services/image/upload/v1544584611/dandelion/49.png]
[randomuser.me/api/portraits/men/83.jpg]
[skyone.vercel.app/education/en/about-team.html]
[res.cloudinary.com/walden-global-services/image/upload/v1544584530/dandelion/1.jpg]
[res.cloudinary.com/walden-global-services/image/upload/v1544584578/dandelion/37.jpg]
[res.cloudinary.com/walden-global-services/image/upload/v1544584575/dandelion/36.png]
[res.cloudinary.com/walden-global-services/image/upload/v1544584574/dandelion/31.jpg]
[res.cloudinary.com/walden-global-services/image/upload/v1544584574/dandelion/32.jpg]
[res.cloudinary.com/walden-global-services/image/upload/v1544584575/dandelion/33.png]
[res.cloudinary.com/walden-global-services/image/upload/v1544584575/dandelion/34.jpg]
[res.cloudinary.com/walden-global-services/image/upload/v1544584575/dandelion/35.jpg]
[res.cloudinary.com/walden-global-services/image/upload/v1544584529/dandelion/3.jpg]
[res.cloudinary.com/walden-global-services/image/upload/v1544584529/dandelion/5.jpg]
[res.cloudinary.com/walden-global-services/image/upload/v1544584533/dandelion/9.jpg]
[res.cloudinary.com/walden-global-services/image/upload/v1544584533/dandelion/10.jpg]
[skyone.vercel.app/education/en/blog.html]
[res.cloudinary.com/walden-global-services/image/upload/v1544584532/dandelion/8.jpg]
[res.cloudinary.com/walden-global-services/image/upload/v1544584530/dandelion/6.jpg]
[skyone.vercel.app/education/en/detail-blog.html]
[res.cloudinary.com/skyrev/image/upload/v1613842291/skyrev/education/login_3d_2x_msphjv.png]
[skyone.vercel.app/education/en/login.html]
[res.cloudinary.com/skyrev/image/upload/v1613842319/skyrev/education/register_3d_2x_gyprul.png]
[skyone.vercel.app/education/en/register.html]
[skyone.vercel.app/education/en/contact.html]
[skyone.vercel.app/education/en/contact-map.html]
[res.cloudinary.com/walden-global-services/image/upload/v1544584558/dandelion/29.jpg]
[res.cloudinary.com/walden-global-services/image/upload/v1544584556/dandelion/25.jpg]
[res.cloudinary.com/walden-global-services/image/upload/v1544584556/dandelion/26.jpg]
[res.cloudinary.com/walden-global-services/image/upload/v1544584556/dandelion/27.jpg]
[res.cloudinary.com/walden-global-services/image/upload/v1544584558/dandelion/28.jpg]
[randomuser.me/api/portraits/women/0.jpg]
[res.cloudinary.com/walden-global-services/image/upload/v1544584543/dandelion/17.jpg]
[res.cloudinary.com/walden-global-services/image/upload/v1545103026/dandelion/7.jpg]
[skyone.vercel.app/education/en/collection.html]
[res.cloudinary.com/walden-global-services/image/upload/v1544584556/dandelion/21.jpg]
[res.cloudinary.com/walden-global-services/image/upload/v1544584556/dandelion/22.jpg]
[res.cloudinary.com/walden-global-services/image/upload/v1544584556/dandelion/23.jpg]
[res.cloudinary.com/walden-global-services/image/upload/v1544584555/dandelion/24.jpg]
[res.cloudinary.com/walden-global-services/image/upload/v1544584559/dandelion/30.jpg]
[skyone.vercel.app/education/en/products.html]
[skyone.vercel.app/education/en/product-detail.html]
[res.cloudinary.com/skyrev/image/upload/v1613842289/skyrev/education/faq_3d_2x_xmgkyt.png]
[skyone.vercel.app/education/en/pricing.html]
[skyone.vercel.app/education/en/faq.html]
[skyone.vercel.app/education/en/maintenance.html]
[skyone.vercel.app/education/en/coming-soon.html]
[res.cloudinary.com/skyrev/image/upload/v1613842288/skyrev/education/error_3d_2x_lurrhn.png]
[skyone.vercel.app/education/en/404.html]
[skyone.vercel.app/education/en/href.html]
